FAILURE
inverted : #t
kind     : "exception"
actual   : /: division by zero
             context...:
              /Users/jay/Dev/scm/plt/racket/collects/racket/private/more-scheme.rkt:261:28
              /Users/jay/Dev/scm/github.jeapostrophe/chk/main.rkt:290:54
              (submod /Users/jay/Dev/scm/github.jeapostrophe/chk/test.rkt test): [running body]
              (submod /Users/jay/Dev/scm/plt/pkgs/compiler-lib/compiler/commands/test.rkt process): [running body]
           from
           <pkgs>/chk/test.rkt:7.17: (/ 1 0)

FAILURE
kind     : "compare"
compare  : #<procedure:equal?>
actual   : 1
           from
           <pkgs>/chk/test.rkt:11.5: 1
expected : 0
           from
           <pkgs>/chk/test.rkt:11.7: 0
part     : "value 0"
actual   : 1
expected : 0

FAILURE
inverted : #t
kind     : "compare"
compare  : #<procedure:equal?>
actual   : 1
           from
           <pkgs>/chk/test.rkt:14.9: 1
expected : 1
           from
           <pkgs>/chk/test.rkt:14.11: 1

FAILURE
kind      : "compare"
compare   : #<procedure:equal?>
actual    : /: division by zero
              context...:
               /Users/jay/Dev/scm/plt/racket/collects/racket/private/more-scheme.rkt:261:28
               (submod /Users/jay/Dev/scm/github.jeapostrophe/chk/test.rkt test): [running body]
               (submod /Users/jay/Dev/scm/plt/pkgs/compiler-lib/compiler/commands/test.rkt process): [running body]
            from
            <pkgs>/chk/test.rkt:21.5: (/ 1 0)
expected  : +inf.0
            from
            <pkgs>/chk/test.rkt:21.13: +inf.0
predicate : "values"

FAILURE
inverted : #t
kind     : "compare"
compare  : #<procedure:equal?>
actual   : /: division by zero
             context...:
              /Users/jay/Dev/scm/plt/racket/collects/racket/private/more-scheme.rkt:261:28
              /Users/jay/Dev/scm/github.jeapostrophe/chk/main.rkt:290:54
              (submod /Users/jay/Dev/scm/github.jeapostrophe/chk/test.rkt test): [running body]
              (submod /Users/jay/Dev/scm/plt/pkgs/compiler-lib/compiler/commands/test.rkt process): [running body]
           from
           <pkgs>/chk/test.rkt:25.9: (/ 1 0)
expected : /: division by zero
             context...:
              /Users/jay/Dev/scm/plt/racket/collects/racket/private/more-scheme.rkt:261:28
              /Users/jay/Dev/scm/github.jeapostrophe/chk/main.rkt:290:54
              (submod /Users/jay/Dev/scm/github.jeapostrophe/chk/test.rkt test): [running body]
              (submod /Users/jay/Dev/scm/plt/pkgs/compiler-lib/compiler/commands/test.rkt process): [running body]
           from
           <pkgs>/chk/test.rkt:25.17: (/ 1 0)

FAILURE
kind      : "predicate"
predicate : #<procedure:identity>
actual    : (values 0 1)
            from
            <pkgs>/chk/test.rkt:32.9: (values 0 1)
part      : "how many values"
actual    : 2
expected  : 1

FAILURE
kind      : "predicate"
predicate : #<procedure:identity>
actual    : (values #f 1)
            from
            <pkgs>/chk/test.rkt:34.9: (values #f 1)
part      : "how many values"
actual    : 2
expected  : 1

FAILURE
kind     : "exception"
actual   : /: division by zero
             context...:
              /Users/jay/Dev/scm/plt/racket/collects/racket/private/more-scheme.rkt:261:28
              (submod /Users/jay/Dev/scm/github.jeapostrophe/chk/test.rkt test): [running body]
              (submod /Users/jay/Dev/scm/plt/pkgs/compiler-lib/compiler/commands/test.rkt process): [running body]
           from
           <pkgs>/chk/test.rkt:40.9: (/ 1 0)
part     : "exn-message"
actual   : "/: division by zero"
expected : #rx"divided"

FAILURE
kind     : "compare"
compare  : #<procedure:equal?>
actual   : (values 1 2)
           from
           <pkgs>/chk/test.rkt:59.5: (values 1 2)
expected : (values 2 3)
           from
           <pkgs>/chk/test.rkt:59.18: (values 2 3)
part     : "value 0"
actual   : 1
expected : 2

FAILURE
kind     : "compare"
compare  : #<procedure:equal?>
actual   : (values 1 2)
           from
           <pkgs>/chk/test.rkt:62.5: (values 1 2)
expected : 3
           from
           <pkgs>/chk/test.rkt:62.18: 3
part     : "how many values"
actual   : 2
expected : 1

FAILURE
kind     : "compare"
compare  : #<procedure:equal?>
actual   : 1
           from
           <pkgs>/chk/test.rkt:77.16: one
expected : 2
           from
           <pkgs>/chk/test.rkt:77.23: 2
part     : "value 0"
actual   : 1
expected : 2

FAILURE
kind     : "compare"
compare  : #<procedure:equal?>
actual   : 1
           from
           <pkgs>/chk/test.rkt:81.18: 1
expected : 2
           from
           <pkgs>/chk/test.rkt:81.26: 2
part     : "value 0"
actual   : 1
expected : 2

FAILURE
kind     : "compare"
compare  : #<procedure:equal?>
actual   : 1
           from
           there:99.1: 1
expected : 2
           from
           <pkgs>/chk/test.rkt:83.38: 2
part     : "value 0"
actual   : 1
expected : 2

FAILURE
kind     : "compare"
compare  : #<procedure:equal?>
actual   : 2
           from
           <pkgs>/chk/test.rkt:97.20: 2
expected : 3
           from
           <pkgs>/chk/test.rkt:97.22: 3
part     : "value 0"
actual   : 2
expected : 3

FAILURE
module   : "testing"
author   : "jay"
kind     : "compare"
compare  : #<procedure:equal?>
actual   : 1
           from
           <pkgs>/chk/test.rkt:109.12: 1
expected : 2
           from
           <pkgs>/chk/test.rkt:109.14: 2
part     : "value 0"
actual   : 1
expected : 2

FAILURE
module   : "testing"
author   : "jay"
amazing? : #t
kind     : "compare"
compare  : #<procedure:equal?>
actual   : 2
           from
           <pkgs>/chk/test.rkt:112.14: 2
expected : 3
           from
           <pkgs>/chk/test.rkt:112.16: 3
part     : "value 0"
actual   : 2
expected : 3

FAILURE
kind     : "compare"
compare  : #<procedure:eq?>
actual   : "foo"
           from
           <pkgs>/chk/test.rkt:118.14: "foo"
expected : "foo"
           from
           <pkgs>/chk/test.rkt:118.20: (list->string (string->list "foo"))
part     : "value 0"
actual   : "foo"
expected : "foo"

FAILURE
kind     : "compare"
compare  : #<procedure:string=?>
actual   : "foo"
           from
           <pkgs>/chk/test.rkt:120.19: "foo"
expected : bar
           from
           <pkgs>/chk/test.rkt:120.25: 'bar
part     : "value 0"
actual   : "foo"
expected : bar
part     : "evaluating check"
exn      : string=?: contract violation
             expected: string?
             given: 'bar
             argument position: 2nd
             other arguments...:
              "foo"
             context...:
              /Users/jay/Dev/scm/github.jeapostrophe/chk/main.rkt:177:9: for-loop
              /Users/jay/Dev/scm/github.jeapostrophe/chk/main.rkt:96:2
              (submod /Users/jay/Dev/scm/github.jeapostrophe/chk/test.rkt test): [running body]
              (submod /Users/jay/Dev/scm/plt/pkgs/compiler-lib/compiler/commands/test.rkt process): [running body]

FAILURE
kind      : "valid compare expected"
actual    : /: division by zero
              context...:
               /Users/jay/Dev/scm/plt/racket/collects/racket/private/more-scheme.rkt:261:28
               (submod /Users/jay/Dev/scm/github.jeapostrophe/chk/test.rkt test): [running body]
               (submod /Users/jay/Dev/scm/plt/pkgs/compiler-lib/compiler/commands/test.rkt process): [running body]
            from
            <pkgs>/chk/test.rkt:122.10: (/ 1 0)
predicate : "not exception"

FAILURE
kind      : "predicate"
predicate : #<procedure:even?>
actual    : 1
            from
            <pkgs>/chk/test.rkt:127.15: 1
value     : 1
predicate : "not false"

FAILURE
kind      : "predicate"
predicate : #<procedure:even?>
actual    : "two"
            from
            <pkgs>/chk/test.rkt:129.15: "two"
value     : "two"
part      : "evaluating predicate"
exn       : even?: contract violation
              expected: integer
              given: "two"
              context...:
               /Users/jay/Dev/scm/github.jeapostrophe/chk/main.rkt:96:2
               (submod /Users/jay/Dev/scm/github.jeapostrophe/chk/test.rkt test): [running body]
               (submod /Users/jay/Dev/scm/plt/pkgs/compiler-lib/compiler/commands/test.rkt process): [running body]

FAILURE
kind      : "valid predicate expected"
actual    : /: division by zero
              context...:
               /Users/jay/Dev/scm/plt/racket/collects/racket/private/more-scheme.rkt:261:28
               (submod /Users/jay/Dev/scm/github.jeapostrophe/chk/test.rkt test): [running body]
               (submod /Users/jay/Dev/scm/plt/pkgs/compiler-lib/compiler/commands/test.rkt process): [running body]
            from
            <pkgs>/chk/test.rkt:131.9: (/ 1 0)
predicate : "not exception"

